// Jest Snapshot v1, https://goo.gl/fbAQLP

exports[`css-import 1`] = `
".foo {
    color: red;
}

"
`;
