// Jest Snapshot v1, https://goo.gl/fbAQLP

exports[`loop 1`] = `
"@import \\"b\\";

$a-variable: green;

$b-variable: red;

$a-variable: green;

.class {
    background-color: $a-variable;
    color: $b-variable;
}"
`;
