// Jest Snapshot v1, https://goo.gl/fbAQLP

exports[`partial 1`] = `
"$partial-variable: red;
.partial-class {
    color: $partial-variable;
}
$partial-variable: lightgreen;

.class {
    background-color: $partial-variable;
}"
`;
