// Jest Snapshot v1, https://goo.gl/fbAQLP

exports[`simple 1`] = `
"$a-variable: green;
$b-variable: blue;

.class {
    background-color: $a-variable;
    color: $b-variable;
}"
`;
